▲ Next.js 16.1.6 (Turbopack)
- Experiments (use with caution):
  · clientTraceMetadata

  Creating an optimized production build ...
✓ Compiled successfully in 4.4s
  Running next.config.js provided runAfterProductionCompile ...
✓ Completed runAfterProductionCompile in 772ms
  Running TypeScript ...
  Collecting page data using 11 workers ...
  Generating static pages using 11 workers (0/13) ...
